<?xml version="1.0" encoding="utf-8"?>
<Types Version="1.20.255.0">
  <Type AssemblyQualifiedName="Neo.ApplicationFramework.Controls.Label, Controls, Version=2.44.53.0, Culture=neutral, PublicKeyToken=null" />
  <Type AssemblyQualifiedName="Neo.ApplicationFramework.Controls.Group, Controls, Version=2.44.53.0, Culture=neutral, PublicKeyToken=null" />
  <Type AssemblyQualifiedName="Neo.ApplicationFramework.Controls.Button, Controls, Version=2.44.53.0, Culture=neutral, PublicKeyToken=null" />
  <Type AssemblyQualifiedName="Neo.ApplicationFramework.Controls.Symbol.SymbolViewbox, Controls, Version=2.44.53.0, Culture=neutral, PublicKeyToken=null" />
  <Type AssemblyQualifiedName="Neo.ApplicationFramework.Controls.Controls.Rectangle, Controls, Version=2.44.53.0, Culture=neutral, PublicKeyToken=null" />
</Types>